22-08-2021 13:41:43pm Erro 250 
22-08-2021 13:42:04pm Erro 250 
22-08-2021 13:42:45pm Erro 250 
22-08-2021 13:42:56pm Error 69 
22-08-2021 13:42:57pm Error 69 
22-08-2021 13:42:58pm Error 69 
22-08-2021 13:42:59pm Error 69 
22-08-2021 13:42:59pm Error 69 
22-08-2021 13:43:00pm Error 69 
22-08-2021 13:43:00pm Error 69 
22-08-2021 13:43:00pm Error 69 
22-08-2021 13:43:01pm Error 69 
22-08-2021 13:43:01pm Error 69 
22-08-2021 13:43:02pm Error 69 
22-08-2021 13:43:02pm Error 69 
22-08-2021 13:43:03pm Error 69 
22-08-2021 13:43:03pm Error 69 
22-08-2021 13:43:04pm Error 69 
22-08-2021 13:43:04pm Error 69 
22-08-2021 13:43:04pm Error 69 
22-08-2021 13:43:05pm Error 69 
22-08-2021 13:43:05pm Error 69 
22-08-2021 13:43:06pm Error 69 
22-08-2021 13:43:06pm Error 69 
22-08-2021 13:43:07pm Error 69 
22-08-2021 13:43:07pm Error 69 
22-08-2021 13:43:07pm Error 69 
